Traceback (most recent call last):
  File "C:\Users\Legion_Pro_7i\OneDrive\Desktop\EnglishLab\venv\lib\site-packages\transformers\utils\import_utils.py", line 2096, in __getattr__
    module = self._get_module(self._class_to_module[name])
  File "C:\Users\Legion_Pro_7i\OneDrive\Desktop\EnglishLab\venv\lib\site-packages\transformers\utils\import_utils.py", line 2290, in _get_module
    raise e
  File "C:\Users\Legion_Pro_7i\OneDrive\Desktop\EnglishLab\venv\lib\site-packages\transformers\utils\import_utils.py", line 2288, in _get_module
    return importlib.import_module("." + module_name, self.__name__)
  File "C:\Users\Legion_Pro_7i\AppData\Local\Programs\Python\Python310\lib\importlib\__init__.py", line 126, in import_module
    return _bootstrap._gcd_import(name[level:], package, level)
  File "<frozen importlib._bootstrap>", line 1050, in _gcd_import
  File "<frozen importlib._bootstrap>", line 1027, in _find_and_load
  File "<frozen importlib._bootstrap>", line 1006, in _find_and_load_unlocked
  File "<frozen importlib._bootstrap>", line 688, in _load_unlocked
  File "<frozen importlib._bootstrap_external>", line 883, in exec_module
  File "<frozen importlib._bootstrap>", line 241, in _call_with_frames_removed
  File "C:\Users\Legion_Pro_7i\OneDrive\Desktop\EnglishLab\venv\lib\site-packages\transformers\pipelines\__init__.py", line 27, in <module>
    from ..image_processing_utils import BaseImageProcessor
  File "C:\Users\Legion_Pro_7i\OneDrive\Desktop\EnglishLab\venv\lib\site-packages\transformers\image_processing_utils.py", line 20, in <module>
    from .image_processing_base import BatchFeature, ImageProcessingMixin
  File "C:\Users\Legion_Pro_7i\OneDrive\Desktop\EnglishLab\venv\lib\site-packages\transformers\image_processing_base.py", line 25, in <module>
    from .image_utils import is_valid_image, load_image
  File "C:\Users\Legion_Pro_7i\OneDrive\Desktop\EnglishLab\venv\lib\site-packages\transformers\image_utils.py", line 53, in <module>
    from torchvision.transforms import InterpolationMode
  File "C:\Users\Legion_Pro_7i\OneDrive\Desktop\EnglishLab\venv\lib\site-packages\torchvision\__init__.py", line 8, in <module>
    from torchvision import (
  File "C:\Users\Legion_Pro_7i\OneDrive\Desktop\EnglishLab\venv\lib\site-packages\torchvision\_meta_registrations.py", line 164, in <module>
    def meta_nms(dets, scores, iou_threshold):
  File "C:\Users\Legion_Pro_7i\OneDrive\Desktop\EnglishLab\venv\lib\site-packages\torch\library.py", line 1087, in register
    use_lib._register_fake(
  File "C:\Users\Legion_Pro_7i\OneDrive\Desktop\EnglishLab\venv\lib\site-packages\torch\library.py", line 204, in _register_fake
    handle = entry.fake_impl.register(
  File "C:\Users\Legion_Pro_7i\OneDrive\Desktop\EnglishLab\venv\lib\site-packages\torch\_library\fake_impl.py", line 50, in register
    if torch._C._dispatch_has_kernel_for_dispatch_key(self.qualname, "Meta"):
RuntimeError: operator torchvision::nms does not exist

The above exception was the direct cause of the following exception:

Traceback (most recent call last):
  File "C:\Users\Legion_Pro_7i\OneDrive\Desktop\EnglishLab\backend\utils\test_rag.py", line 7, in <module>
    from backend.services.rag_service import RAGService
  File "C:\Users\Legion_Pro_7i\OneDrive\Desktop\EnglishLab\backend\utils\..\..\backend\services\rag_service.py", line 6, in <module>
    from backend.core.model_manager import model_manager
  File "C:\Users\Legion_Pro_7i\OneDrive\Desktop\EnglishLab\backend\utils\..\..\backend\core\model_manager.py", line 3, in <module>
    from transformers import pipeline, AutoProcessor, AutoModelForCTC
  File "C:\Users\Legion_Pro_7i\OneDrive\Desktop\EnglishLab\venv\lib\site-packages\transformers\utils\import_utils.py", line 2184, in __getattr__
    raise ModuleNotFoundError(
ModuleNotFoundError: Could not import module 'pipeline'. Are this object's requirements defined correctly?
